[backblue.gif]
[fade.gif]
[index.html]
[cdn.datatables.net/1.10.20/css/dataTables.bootstrap4.min.css]
[themes.startbootstrap.com/sb-admin-pro/assets/img/favicon.png]
[cdnjs.cloudflare.com/ajax/libs/font-awesome/5.11.2/js/all.min.js]
[cdnjs.cloudflare.com/ajax/libs/feather-icons/4.24.1/feather.min.js]
[code.jquery.com/jquery-3.4.1.min.js]
[stackpath.bootstrapcdn.com/bootstrap/4.3.1/js/bootstrap.bundle.min.js]
[themes.startbootstrap.com/sb-admin-pro/js/scripts.js]
[cdnjs.cloudflare.com/ajax/libs/Chart.js/2.8.0/Chart.min.js]
[themes.startbootstrap.com/sb-admin-pro/assets/demo/chart-area-demo.js]
[themes.startbootstrap.com/sb-admin-pro/assets/demo/chart-bar-demo.js]
[cdn.datatables.net/1.10.20/js/jquery.dataTables.min.js]
[cdn.datatables.net/1.10.20/js/dataTables.bootstrap4.min.js]
[themes.startbootstrap.com/sb-admin-pro/assets/demo/datatables-demo.js]
[themes.startbootstrap.com/sb-admin-pro/js/sb-customizer.js]
[themes.startbootstrap.com/sb-admin-pro/index.html]
[themes.startbootstrap.com/sb-admin-pro/assets/fonts/metropolis/Metropolis-Thin.otf]
[themes.startbootstrap.com/sb-admin-pro/assets/fonts/metropolis/Metropolis-ThinItalic.otf]
[themes.startbootstrap.com/sb-admin-pro/assets/fonts/metropolis/Metropolis-ExtraLight.otf]
[themes.startbootstrap.com/sb-admin-pro/assets/fonts/metropolis/Metropolis-ExtraLightItalic.otf]
[themes.startbootstrap.com/sb-admin-pro/assets/fonts/metropolis/Metropolis-Light.otf]
[themes.startbootstrap.com/sb-admin-pro/assets/fonts/metropolis/Metropolis-LightItalic.otf]
[themes.startbootstrap.com/sb-admin-pro/assets/fonts/metropolis/Metropolis-Regular.otf]
[themes.startbootstrap.com/sb-admin-pro/assets/fonts/metropolis/Metropolis-RegularItalic.otf]
[themes.startbootstrap.com/sb-admin-pro/assets/fonts/metropolis/Metropolis-Medium.otf]
[themes.startbootstrap.com/sb-admin-pro/assets/fonts/metropolis/Metropolis-MediumItalic.otf]
[themes.startbootstrap.com/sb-admin-pro/assets/fonts/metropolis/Metropolis-SemiBold.otf]
[themes.startbootstrap.com/sb-admin-pro/assets/fonts/metropolis/Metropolis-SemiBoldItalic.otf]
[themes.startbootstrap.com/sb-admin-pro/assets/fonts/metropolis/Metropolis-Bold.otf]
[themes.startbootstrap.com/sb-admin-pro/assets/fonts/metropolis/Metropolis-BoldItalic.otf]
[themes.startbootstrap.com/sb-admin-pro/assets/fonts/metropolis/Metropolis-ExtraBold.otf]
[themes.startbootstrap.com/sb-admin-pro/assets/fonts/metropolis/Metropolis-ExtraBoldItalic.otf]
[themes.startbootstrap.com/sb-admin-pro/assets/fonts/metropolis/Metropolis-Black.otf]
[themes.startbootstrap.com/sb-admin-pro/assets/fonts/metropolis/Metropolis-BlackItalic.otf]
[themes.startbootstrap.com/sb-admin-pro/css/styles.css]
[cdn.datatables.net/1.10.20/css/dataTables.bootstrap4.min.css]
[themes.startbootstrap.com/sb-admin-pro/index-2.html]
[themes.startbootstrap.com/sb-admin-pro/dashboard-2.html]
[themes.startbootstrap.com/sb-admin-pro/dashboard-3.html]
[themes.startbootstrap.com/sb-admin-pro/layout-static.html]
[themes.startbootstrap.com/sb-admin-pro/layout-dark.html]
[themes.startbootstrap.com/sb-admin-pro/layout-rtl.html]
[themes.startbootstrap.com/sb-admin-pro/header-simplified.html]
[themes.startbootstrap.com/sb-admin-pro/header-overlap.html]
[themes.startbootstrap.com/sb-admin-pro/header-breadcrumbs.html]
[themes.startbootstrap.com/sb-admin-pro/header-light.html]
[cdnjs.cloudflare.com/ajax/libs/prism/1.17.1/components/prism-core.min.js]
[themes.startbootstrap.com/sb-admin-pro/alerts.html]
[themes.startbootstrap.com/sb-admin-pro/avatars.html]
[themes.startbootstrap.com/sb-admin-pro/badges.html]
[themes.startbootstrap.com/sb-admin-pro/buttons.html]
[themes.startbootstrap.com/sb-admin-pro/cards.html]
[themes.startbootstrap.com/sb-admin-pro/dropdowns.html]
[themes.startbootstrap.com/sb-admin-pro/forms.html]
[themes.startbootstrap.com/sb-admin-pro/modals.html]
[themes.startbootstrap.com/sb-admin-pro/navigation.html]
[themes.startbootstrap.com/sb-admin-pro/progress.html]
[themes.startbootstrap.com/sb-admin-pro/toasts.html]
[themes.startbootstrap.com/sb-admin-pro/tooltips.html]
[themes.startbootstrap.com/sb-admin-pro/animations.html]
[cdnjs.cloudflare.com/ajax/libs/prism/1.17.1/plugins/autoloader/prism-autoloader.min.js]
[themes.startbootstrap.com/sb-admin-pro/assets/img/pattern-shapes.png]
[themes.startbootstrap.com/sb-admin-pro/background.html]
[themes.startbootstrap.com/sb-admin-pro/borders.html]
[themes.startbootstrap.com/sb-admin-pro/lift.html]
[themes.startbootstrap.com/sb-admin-pro/shadows.html]
[themes.startbootstrap.com/sb-admin-pro/typography.html]
[themes.startbootstrap.com/sb-admin-pro/login-basic.html]
[themes.startbootstrap.com/sb-admin-pro/register-basic.html]
[themes.startbootstrap.com/sb-admin-pro/password-basic.html]
[themes.startbootstrap.com/sb-admin-pro/login-social.html]
[themes.startbootstrap.com/sb-admin-pro/register-social.html]
[themes.startbootstrap.com/sb-admin-pro/password-social.html]
[themes.startbootstrap.com/sb-admin-pro/401.html]
[themes.startbootstrap.com/sb-admin-pro/404.html]
[themes.startbootstrap.com/sb-admin-pro/404-glitch.html]
[themes.startbootstrap.com/sb-admin-pro/500.html]
[themes.startbootstrap.com/sb-admin-pro/blank.html]
[themes.startbootstrap.com/sb-admin-pro/multi-tenant-select.html]
[themes.startbootstrap.com/sb-admin-pro/assets/demo/chart-pie-demo.js]
[themes.startbootstrap.com/sb-admin-pro/charts.html]
[themes.startbootstrap.com/sb-admin-pro/tables.html]
[themes.startbootstrap.com/sb-admin-pro/assets/img/drawkit/color/drawkit-charts-and-graphs.svg]
[themes.startbootstrap.com/sb-admin-pro/assets/img/drawkit/color/drawkit-developer-woman.svg]
[themes.startbootstrap.com/sb-admin-pro/assets/img/drawkit/color/drawkit-folder-man.svg]
[themes.startbootstrap.com/sb-admin-pro/assets/img/drawkit/color/drawkit-content-man.svg]
[themes.startbootstrap.com/sb-admin-pro/assets/img/drawkit/color/drawkit-content-man-alt.svg]
[themes.startbootstrap.com/sb-admin-pro/assets/img/drawkit/color/drawkit-developer-woman-flush.svg]
[themes.startbootstrap.com/sb-admin-pro/assets/img/pug.svg]
[themes.startbootstrap.com/sb-admin-pro/assets/img/drawkit/color/drawkit-error-404.svg]
[themes.startbootstrap.com/sb-admin-pro/multi-tenant-create.html]
[themes.startbootstrap.com/sb-admin-pro/multi-tenant-join.html]
[themes.startbootstrap.com/sb-admin-pro/www.chartjs.org/docs/latest/index.html]
[themes.startbootstrap.com/sb-admin-pro/multi-tenant-add-users.html]
